<?xml version="1.0" encoding="utf-8"?><testsuites name="pytest tests"><testsuite name="pytest" errors="0" failures="0" skipped="13" tests="118" time="6.853" timestamp="2026-07-01T09:56:02.341248+09:00" hostname="raspberrypi"><testcase classname="tests.test_api" name="test_health_endpoint" time="0.152" /><testcase classname="tests.test_api" name="test_index_endpoint" time="0.047" /><testcase classname="tests.test_api" name="test_brand_logo_lg_endpoint" time="0.072" /><testcase classname="tests.test_api" name="test_brand_logo_unknown_returns_404" time="0.104" /><testcase classname="tests.test_api" name="test_overlay_toggle_sets_and_returns_state" time="0.100" /><testcase classname="tests.test_api" name="test_recommend_returns_200" time="0.080" /><testcase classname="tests.test_api" name="test_recommend_result_structure" time="0.130" /><testcase classname="tests.test_api" name="test_recommend_returns_three_outfits" time="0.045" /><testcase classname="tests.test_api" name="test_recommend_outfit_structure" time="0.072" /><testcase classname="tests.test_api" name="test_recommend_anchor_category_default" time="0.093" /><testcase classname="tests.test_api" name="test_recommend_response_time" time="0.085" /><testcase classname="tests.test_convert" name="test_metadata_contains_all_products" time="0.034" /><testcase classname="tests.test_convert" name="test_metadata_has_gender_field" time="0.007" /><testcase classname="tests.test_convert" name="test_metadata_gender_values_correct" time="0.007" /><testcase classname="tests.test_convert" name="test_snap_outfits_json_created" time="0.005" /><testcase classname="tests.test_convert" name="test_images_copied" time="0.014" /><testcase classname="tests.test_detection" name="test_detector_returns_dict" time="0.203" /><testcase classname="tests.test_detection" name="test_detector_crops_shape" time="0.172" /><testcase classname="tests.test_detection" name="test_detector_annotated_same_size" time="0.172" /><testcase classname="tests.test_detection" name="test_detector_no_person_blank_crops" time="0.169" /><testcase classname="tests.test_embedding" name="test_embed_output_dim" time="0.000"><skipped type="pytest.skip" message="models not available">/home/willtek/bootcamp/SmartFittingRoom/tests/test_embedding.py:11: models not available</skipped></testcase><testcase classname="tests.test_embedding" name="test_embed_l2_normalized" time="0.000"><skipped type="pytest.skip" message="models not available">/home/willtek/bootcamp/SmartFittingRoom/tests/test_embedding.py:19: models not available</skipped></testcase><testcase classname="tests.test_embedding" name="test_embed_inference_time" time="0.000"><skipped type="pytest.skip" message="models not available">/home/willtek/bootcamp/SmartFittingRoom/tests/test_embedding.py:27: models not available</skipped></testcase><testcase classname="tests.test_embedding" name="test_embed_different_images_different_vecs" time="0.000"><skipped type="pytest.skip" message="models not available">/home/willtek/bootcamp/SmartFittingRoom/tests/test_embedding.py:40: models not available</skipped></testcase><testcase classname="tests.test_pose" name="test_no_landmarks_no_trigger" time="0.012" /><testcase classname="tests.test_pose" name="test_joints_outside_zone_not_in_zone" time="0.018" /><testcase classname="tests.test_pose" name="test_trigger_after_hold" time="0.022" /><testcase classname="tests.test_pose" name="test_no_retrigger_until_reset" time="0.032" /><testcase classname="tests.test_pose" name="test_process_returns_normalized_hand_cursor_points" time="0.050" /><testcase classname="tests.test_pose" name="test_process_returns_region_boxes_for_full_body" time="0.024" /><testcase classname="tests.test_pose" name="test_draw_overlay_skeleton_and_boxes_toggle" time="0.061" /><testcase classname="tests.test_recommender_outfit" name="test_recommend_outfit_returns_outfits_key" time="0.010" /><testcase classname="tests.test_recommender_outfit" name="test_recommend_outfit_returns_three_sets" time="0.005" /><testcase classname="tests.test_recommender_outfit" name="test_recommend_outfit_returns_fewer_sets_when_candidates_scarce" time="0.035" /><testcase classname="tests.test_recommender_outfit" name="test_recommend_outfit_set_structure" time="0.040" /><testcase classname="tests.test_recommender_outfit" name="test_recommend_outfit_products_have_required_fields" time="0.030" /><testcase classname="tests.test_recommender_outfit" name="test_recommend_outfit_bottoms_anchor_bottoms_slot_is_empty" time="0.038" /><testcase classname="tests.test_recommender_outfit" name="test_recommend_outfit_bottoms_anchor_tops_has_one_item" time="0.050" /><testcase classname="tests.test_recommender_outfit" name="test_recommend_outfit_bottoms_anchor_shoes_has_one_item" time="0.052" /><testcase classname="tests.test_recommender_outfit" name="test_recommend_outfit_bottoms_anchor_returns_bottoms_crop" time="0.043" /><testcase classname="tests.test_recommender_outfit" name="test_recommend_outfit_tops_anchor_bottoms_crop_is_none" time="0.078" /><testcase classname="tests.test_recommender_outfit" name="test_recommend_outfit_tops_anchor_bottoms_from_snap" time="0.002" /><testcase classname="tests.test_recommender_outfit" name="test_recommend_outfit_tops_anchor_shoes_from_snap" time="0.002" /><testcase classname="tests.test_recommender_outfit" name="test_recommend_outfit_tops_anchor_candidates_use_own_snap" time="0.002" /><testcase classname="tests.test_recommender_outfit" name="test_recommend_outfit_tops_anchor_fallback_when_no_snap_match" time="0.002" /><testcase classname="tests.test_recommender_outfit" name="test_recommend_outfit_shoes_from_snap_lookup" time="0.002" /><testcase classname="tests.test_recommender_outfit" name="test_recommend_outfit_shoes_fallback_when_no_snap_match" time="0.002" /><testcase classname="tests.test_recommender_outfit" name="test_recommend_outfit_fallback_when_no_crop" time="0.002" /><testcase classname="tests.test_recommender_outfit" name="test_recommend_outfit_passes_gender_to_searcher" time="0.002" /><testcase classname="tests.test_recommender_outfit" name="test_recommend_outfit_no_gender_passes_none_to_searcher" time="0.002" /><testcase classname="tests.test_recommender_outfit" name="test_shoes_from_snap_gender_filter" time="0.003" /><testcase classname="tests.test_recommender_outfit" name="test_shoes_from_snap_returns_empty_when_no_match" time="0.002" /><testcase classname="tests.test_reranking" name="test_rerank_top_n" time="0.004" /><testcase classname="tests.test_reranking" name="test_rerank_text_changes_order" time="0.001" /><testcase classname="tests.test_reranking" name="test_rerank_final_score_fields" time="0.001" /><testcase classname="tests.test_reranking" name="test_color_compat_achromatic" time="0.000" /><testcase classname="tests.test_reranking" name="test_color_compat_analogous" time="0.000" /><testcase classname="tests.test_search" name="test_palette_extraction" time="0.015" /><testcase classname="tests.test_search" name="test_palette_single_color" time="0.001" /><testcase classname="tests.test_search" name="test_search_returns_list" time="0.000"><skipped type="pytest.skip" message="FAISS index not available">/home/willtek/bootcamp/SmartFittingRoom/tests/test_search.py:30: FAISS index not available</skipped></testcase><testcase classname="tests.test_search" name="test_search_result_fields" time="0.000"><skipped type="pytest.skip" message="FAISS index not available">/home/willtek/bootcamp/SmartFittingRoom/tests/test_search.py:41: FAISS index not available</skipped></testcase><testcase classname="tests.test_search" name="test_search_latency" time="0.000"><skipped type="pytest.skip" message="FAISS index not available">/home/willtek/bootcamp/SmartFittingRoom/tests/test_search.py:55: FAISS index not available</skipped></testcase><testcase classname="tests.test_search" name="test_search_category_filter" time="0.000"><skipped type="pytest.skip" message="FAISS index not available">/home/willtek/bootcamp/SmartFittingRoom/tests/test_search.py:69: FAISS index not available</skipped></testcase><testcase classname="tests.test_search" name="test_search_gender_filter" time="0.000"><skipped type="pytest.skip" message="FAISS index not available">/home/willtek/bootcamp/SmartFittingRoom/tests/test_search.py:81: FAISS index not available</skipped></testcase><testcase classname="tests.test_sp_common" name="test_NFR03_bands_cover_full_height_contiguously[16-2]" time="0.001" /><testcase classname="tests.test_sp_common" name="test_NFR03_bands_cover_full_height_contiguously[16-3]" time="0.000" /><testcase classname="tests.test_sp_common" name="test_NFR03_bands_cover_full_height_contiguously[16-4]" time="0.001" /><testcase classname="tests.test_sp_common" name="test_NFR03_bands_cover_full_height_contiguously[16-5]" time="0.000" /><testcase classname="tests.test_sp_common" name="test_NFR03_bands_cover_full_height_contiguously[64-2]" time="0.000" /><testcase classname="tests.test_sp_common" name="test_NFR03_bands_cover_full_height_contiguously[64-3]" time="0.000" /><testcase classname="tests.test_sp_common" name="test_NFR03_bands_cover_full_height_contiguously[64-4]" time="0.000" /><testcase classname="tests.test_sp_common" name="test_NFR03_bands_cover_full_height_contiguously[64-5]" time="0.000" /><testcase classname="tests.test_sp_common" name="test_NFR03_bands_cover_full_height_contiguously[96-2]" time="0.000" /><testcase classname="tests.test_sp_common" name="test_NFR03_bands_cover_full_height_contiguously[96-3]" time="0.000" /><testcase classname="tests.test_sp_common" name="test_NFR03_bands_cover_full_height_contiguously[96-4]" time="0.000" /><testcase classname="tests.test_sp_common" name="test_NFR03_bands_cover_full_height_contiguously[96-5]" time="0.000" /><testcase classname="tests.test_sp_common" name="test_NFR03_bands_cover_full_height_contiguously[100-2]" time="0.000" /><testcase classname="tests.test_sp_common" name="test_NFR03_bands_cover_full_height_contiguously[100-3]" time="0.000" /><testcase classname="tests.test_sp_common" name="test_NFR03_bands_cover_full_height_contiguously[100-4]" time="0.000" /><testcase classname="tests.test_sp_common" name="test_NFR03_bands_cover_full_height_contiguously[100-5]" time="0.000" /><testcase classname="tests.test_sp_common" name="test_NFR03_bands_cover_full_height_contiguously[128-2]" time="0.000" /><testcase classname="tests.test_sp_common" name="test_NFR03_bands_cover_full_height_contiguously[128-3]" time="0.000" /><testcase classname="tests.test_sp_common" name="test_NFR03_bands_cover_full_height_contiguously[128-4]" time="0.000" /><testcase classname="tests.test_sp_common" name="test_NFR03_bands_cover_full_height_contiguously[128-5]" time="0.000" /><testcase classname="tests.test_sp_common" name="test_NFR03_earlier_ranks_take_the_remainder[100-3]" time="0.000" /><testcase classname="tests.test_sp_common" name="test_NFR03_earlier_ranks_take_the_remainder[100-4]" time="0.000" /><testcase classname="tests.test_sp_common" name="test_NFR03_earlier_ranks_take_the_remainder[100-5]" time="0.000" /><testcase classname="tests.test_sp_common" name="test_NFR03_earlier_ranks_take_the_remainder[97-3]" time="0.000" /><testcase classname="tests.test_sp_common" name="test_NFR03_earlier_ranks_take_the_remainder[97-4]" time="0.000" /><testcase classname="tests.test_sp_common" name="test_NFR03_earlier_ranks_take_the_remainder[97-5]" time="0.000" /><testcase classname="tests.test_sp_common" name="test_NFR03_earlier_ranks_take_the_remainder[128-3]" time="0.000" /><testcase classname="tests.test_sp_common" name="test_NFR03_earlier_ranks_take_the_remainder[128-4]" time="0.000" /><testcase classname="tests.test_sp_common" name="test_NFR03_earlier_ranks_take_the_remainder[128-5]" time="0.000" /><testcase classname="tests.test_sp_common" name="test_NFR03_band_bounds_is_deterministic[2]" time="0.000" /><testcase classname="tests.test_sp_common" name="test_NFR03_band_bounds_is_deterministic[4]" time="0.000" /><testcase classname="tests.test_sp_common" name="test_NFR03_world2_default_split_is_even" time="0.000" /><testcase classname="tests.test_sp_common" name="test_NFR03_world2_uneven_split_via_env" time="0.000" /><testcase classname="tests.test_sp_common" name="test_NFR03_band_size_matches_bounds" time="0.000" /><testcase classname="tests.test_stream" name="test_detection_feed_status_200" time="0.004" /><testcase classname="tests.test_stream" name="test_detection_feed_content_type" time="0.004" /><testcase classname="tests.test_stream" name="test_detection_feed_yields_frame_chunk" time="0.004" /><testcase classname="tests.test_text_encoding" name="test_encode_output_dim" time="0.000"><skipped type="pytest.skip" message="ko-sroberta model not available">/home/willtek/bootcamp/SmartFittingRoom/tests/test_text_encoding.py:9: ko-sroberta model not available</skipped></testcase><testcase classname="tests.test_text_encoding" name="test_encode_l2_normalized" time="0.000"><skipped type="pytest.skip" message="ko-sroberta model not available">/home/willtek/bootcamp/SmartFittingRoom/tests/test_text_encoding.py:17: ko-sroberta model not available</skipped></testcase><testcase classname="tests.test_text_encoding" name="test_encode_different_texts_different_vecs" time="0.000"><skipped type="pytest.skip" message="ko-sroberta model not available">/home/willtek/bootcamp/SmartFittingRoom/tests/test_text_encoding.py:25: ko-sroberta model not available</skipped></testcase><testcase classname="tests.test_text_encoding" name="test_encode_similar_texts_high_cosine" time="0.000"><skipped type="pytest.skip" message="ko-sroberta model not available">/home/willtek/bootcamp/SmartFittingRoom/tests/test_text_encoding.py:36: ko-sroberta model not available</skipped></testcase><testcase classname="tests.test_tryon_ondevice" name="test_upload_frame_writes_jpeg" time="0.018" /><testcase classname="tests.test_tryon_ondevice" name="test_upload_frame_converts_bgr_to_rgb" time="0.004" /><testcase classname="tests.test_tryon_ondevice" name="test_fetch_b64_local_path_roundtrips" time="0.001" /><testcase classname="tests.test_tryon_ondevice" name="test_garment_description_uses_style_text" time="0.001" /><testcase classname="tests.test_tryon_ondevice" name="test_garment_description_falls_back_to_name" time="0.001" /><testcase classname="tests.test_tryon_ondevice" name="test_garment_description_default_when_missing_file" time="0.001" /><testcase classname="tests.test_tryon_ondevice" name="test_garment_description_default_when_no_match" time="0.001" /><testcase classname="tests.test_tryon_ondevice" name="test_build_single_data_lays_out_pair" time="0.002" /><testcase classname="tests.test_tryon_ondevice" name="test_tryon_one_returns_output_path" time="0.001" /><testcase classname="tests.test_tryon_ondevice" name="test_tryon_one_raises_when_no_output" time="0.001" /><testcase classname="tests.test_tryon_ondevice" name="test_run_tryon_stream_chains_top_then_bottom" time="0.000" /><testcase classname="tests.test_tryon_ondevice" name="test_run_tryon_stream_top_only" time="0.000" /><testcase classname="tests.test_tryon_ondevice" name="test_run_tryon_stream_no_garment_yields_nothing" time="0.000" /></testsuite></testsuites>